START 2026-08-04T04:41:07.459154
COMMAND /environment/miniconda3/envs/wma_perf/bin/python scripts/evaluation/world_model_interaction.py --seed 123 --ckpt_path ckpts/unifolm_wma_dual.ckpt --config configs/inference/world_model_interaction.yaml --bs 1 --height 320 --width 512 --unconditional_guidance_scale 1.0 --ddim_steps 50 --ddim_eta 1.0 --prompt_dir unitree_g1_pack_camera/case2/world_model_interaction_prompts --dataset unitree_g1_pack_camera --video_length 16 --frame_stride 6 --n_action_steps 16 --exe_steps 16 --n_iter 11 --timestep_spacing uniform_trailing --guidance_rescale 0.7 --perframe_ae --no-save_intermediate_artifacts --no-save_final_tensorboard --savedir /home/featurize/wma4/results/optimized_v2/output
2026-08-04 04:41:12.664354: E external/local_xla/xla/stream_executor/cuda/cuda_dnn.cc:9261] Unable to register cuDNN factory: Attempting to register factory for plugin cuDNN when one has already been registered
2026-08-04 04:41:12.664425: E external/local_xla/xla/stream_executor/cuda/cuda_fft.cc:607] Unable to register cuFFT factory: Attempting to register factory for plugin cuFFT when one has already been registered
2026-08-04 04:41:12.665620: E external/local_xla/xla/stream_executor/cuda/cuda_blas.cc:1515] Unable to register cuBLAS factory: Attempting to register factory for plugin cuBLAS when one has already been registered
2026-08-04 04:41:12.671855: I tensorflow/core/platform/cpu_feature_guard.cc:182] This TensorFlow binary is optimized to use available CPU instructions in performance-critical operations.
To enable the following instructions: AVX2 FMA, in other operations, rebuild TensorFlow with the appropriate compiler flags.
2026-08-04 04:41:13.883768: W tensorflow/compiler/tf2tensorrt/utils/py_utils.cc:38] TF-TRT Warning: Could not find TensorRT
Global seed set to 123
INFO:mainlogger:LatentVisualDiffusion: Running in v-prediction mode
INFO:unifolm_wma.models.diffusion_head.conditional_unet1d:number of parameters: 5.010531e+08
INFO:unifolm_wma.models.diffusion_head.conditional_unet1d:number of parameters: 5.010531e+08
AE working on z of shape (1, 4, 32, 32) = 4096 dimensions.
INFO:root:Loaded ViT-H-14 model config.
DEBUG:urllib3.connectionpool:Starting new HTTPS connection (1): huggingface.co:443
DEBUG:urllib3.connectionpool:https://huggingface.co:443 "HEAD /laion/CLIP-ViT-H-14-laion2B-s32B-b79K/resolve/main/open_clip_pytorch_model.bin HTTP/1.1" 302 0
INFO:root:Loading pretrained ViT-H-14 weights (laion2b_s32b_b79k).
INFO:root:Loaded ViT-H-14 model config.
DEBUG:urllib3.connectionpool:https://huggingface.co:443 "HEAD /laion/CLIP-ViT-H-14-laion2B-s32B-b79K/resolve/main/open_clip_pytorch_model.bin HTTP/1.1" 302 0
INFO:root:Loading pretrained ViT-H-14 weights (laion2b_s32b_b79k).
>>> model checkpoint loaded.
>>> Load pre-trained model ...
INFO:root:***** Configing Data *****
>>> unitree_g1_pack_camera: 1 data samples loaded.
>>> unitree_g1_pack_camera: data stats loaded.
>>> unitree_g1_pack_camera: normalizer initiated.
>>> Dataset is successfully loaded ...
>>> Generate 16 frames under each generation ...
DEBUG:h5py._conv:Creating converter from 3 to 5
DEBUG:PIL.PngImagePlugin:STREAM b'IHDR' 16 13
DEBUG:PIL.PngImagePlugin:STREAM b'pHYs' 41 9
DEBUG:PIL.PngImagePlugin:STREAM b'IDAT' 62 4096
  0%|          | 0/11 [00:00<?, ?it/s]>>> Step 0: generating actions ...
>>> Step 0: interacting with world model ...
>>>>>>>>>>>>>>>>>>>>>>>>
  9%|▉         | 1/11 [00:48<08:05, 48.59s/it]>>> Step 1: generating actions ...
>>> Step 1: interacting with world model ...
>>>>>>>>>>>>>>>>>>>>>>>>
 18%|█▊        | 2/11 [01:37<07:18, 48.70s/it]>>> Step 2: generating actions ...
>>> Step 2: interacting with world model ...
>>>>>>>>>>>>>>>>>>>>>>>>
 27%|██▋       | 3/11 [02:26<06:31, 48.89s/it]>>> Step 3: generating actions ...
>>> Step 3: interacting with world model ...
>>>>>>>>>>>>>>>>>>>>>>>>
 36%|███▋      | 4/11 [03:15<05:41, 48.84s/it]>>> Step 4: generating actions ...
>>> Step 4: interacting with world model ...
>>>>>>>>>>>>>>>>>>>>>>>>
 45%|████▌     | 5/11 [04:03<04:52, 48.78s/it]>>> Step 5: generating actions ...
>>> Step 5: interacting with world model ...
>>>>>>>>>>>>>>>>>>>>>>>>
 55%|█████▍    | 6/11 [04:52<04:03, 48.79s/it]>>> Step 6: generating actions ...
>>> Step 6: interacting with world model ...
>>>>>>>>>>>>>>>>>>>>>>>>
 64%|██████▎   | 7/11 [05:41<03:15, 48.83s/it]>>> Step 7: generating actions ...
>>> Step 7: interacting with world model ...
>>>>>>>>>>>>>>>>>>>>>>>>
 73%|███████▎  | 8/11 [06:30<02:26, 48.90s/it]>>> Step 8: generating actions ...
>>> Step 8: interacting with world model ...
>>>>>>>>>>>>>>>>>>>>>>>>
 82%|████████▏ | 9/11 [07:19<01:37, 48.91s/it]>>> Step 9: generating actions ...
>>> Step 9: interacting with world model ...
>>>>>>>>>>>>>>>>>>>>>>>>
 91%|█████████ | 10/11 [08:08<00:48, 49.00s/it]>>> Step 10: generating actions ...
>>> Step 10: interacting with world model ...
>>>>>>>>>>>>>>>>>>>>>>>>
100%|██████████| 11/11 [08:58<00:00, 49.12s/it]100%|██████████| 11/11 [08:58<00:00, 48.93s/it]

real 613.167423
user 3304.276311
sys 25.326709
END 2026-08-04T04:51:20.626590
