Global seed set to 123
INFO:mainlogger:LatentVisualDiffusion: Running in v-prediction mode
INFO:unifolm_wma.models.diffusion_head.conditional_unet1d:number of parameters: 5.010531e+08
INFO:unifolm_wma.models.diffusion_head.conditional_unet1d:number of parameters: 5.010531e+08
AE working on z of shape (1, 4, 32, 32) = 4096 dimensions.
INFO:root:Loaded ViT-H-14 model config.
INFO:root:Loading pretrained ViT-H-14 weights (laion2b_s32b_b79k).
INFO:root:Loaded ViT-H-14 model config.
INFO:root:Loading pretrained ViT-H-14 weights (laion2b_s32b_b79k).
>>> model checkpoint loaded.
>>> Load pre-trained model ...
INFO:root:***** Configing Data *****
>>> unitree_z1_stackbox: 1 data samples loaded.
>>> unitree_z1_stackbox: data stats loaded.
>>> unitree_z1_stackbox: normalizer initiated.
>>> unitree_z1_dual_arm_stackbox: 1 data samples loaded.
>>> unitree_z1_dual_arm_stackbox: data stats loaded.
>>> unitree_z1_dual_arm_stackbox: normalizer initiated.
>>> unitree_z1_dual_arm_stackbox_v2: 1 data samples loaded.
>>> unitree_z1_dual_arm_stackbox_v2: data stats loaded.
>>> unitree_z1_dual_arm_stackbox_v2: normalizer initiated.
>>> unitree_z1_dual_arm_cleanup_pencils: 1 data samples loaded.
>>> unitree_z1_dual_arm_cleanup_pencils: data stats loaded.
>>> unitree_z1_dual_arm_cleanup_pencils: normalizer initiated.
>>> unitree_g1_pack_camera: 1 data samples loaded.
>>> unitree_g1_pack_camera: data stats loaded.
>>> unitree_g1_pack_camera: normalizer initiated.
>>> Dataset is successfully loaded ...
>>> Generate 16 frames under each generation ...
DEBUG:h5py._conv:Creating converter from 3 to 5
Global seed set to 123
DEBUG:PIL.PngImagePlugin:STREAM b'IHDR' 16 13
DEBUG:PIL.PngImagePlugin:STREAM b'pHYs' 41 9
DEBUG:PIL.PngImagePlugin:STREAM b'IDAT' 62 4096
  0%|          | 0/11 [00:00<?, ?it/s]  9%|▉         | 1/11 [00:34<05:48, 34.81s/it] 18%|█▊        | 2/11 [01:06<04:58, 33.15s/it] 27%|██▋       | 3/11 [01:38<04:21, 32.66s/it] 36%|███▋      | 4/11 [02:11<03:47, 32.52s/it] 45%|████▌     | 5/11 [02:43<03:15, 32.58s/it] 55%|█████▍    | 6/11 [03:16<02:42, 32.52s/it] 64%|██████▎   | 7/11 [03:48<02:09, 32.35s/it] 73%|███████▎  | 8/11 [04:20<01:36, 32.24s/it] 82%|████████▏ | 9/11 [04:53<01:04, 32.42s/it] 91%|█████████ | 10/11 [05:25<00:32, 32.40s/it]100%|██████████| 11/11 [05:57<00:00, 32.27s/it]100%|██████████| 11/11 [05:57<00:00, 32.49s/it]
>>> Step 0: generating actions ...
>>> Step 0: interacting with world model ...
>>>>>>>>>>>>>>>>>>>>>>>>
>>> Step 1: generating actions ...
>>> Step 1: interacting with world model ...
>>>>>>>>>>>>>>>>>>>>>>>>
>>> Step 2: generating actions ...
>>> Step 2: interacting with world model ...
>>>>>>>>>>>>>>>>>>>>>>>>
>>> Step 3: generating actions ...
>>> Step 3: interacting with world model ...
>>>>>>>>>>>>>>>>>>>>>>>>
>>> Step 4: generating actions ...
>>> Step 4: interacting with world model ...
>>>>>>>>>>>>>>>>>>>>>>>>
>>> Step 5: generating actions ...
>>> Step 5: interacting with world model ...
>>>>>>>>>>>>>>>>>>>>>>>>
>>> Step 6: generating actions ...
>>> Step 6: interacting with world model ...
>>>>>>>>>>>>>>>>>>>>>>>>
>>> Step 7: generating actions ...
>>> Step 7: interacting with world model ...
>>>>>>>>>>>>>>>>>>>>>>>>
>>> Step 8: generating actions ...
>>> Step 8: interacting with world model ...
>>>>>>>>>>>>>>>>>>>>>>>>
>>> Step 9: generating actions ...
>>> Step 9: interacting with world model ...
>>>>>>>>>>>>>>>>>>>>>>>>
>>> Step 10: generating actions ...
>>> Step 10: interacting with world model ...
>>>>>>>>>>>>>>>>>>>>>>>>
{"scenario": "unitree_z1_dual_arm_stackbox_v2", "case": "case1", "video": "/root/autodl-tmp/wma26/unifolm-world-model-action/results/formal_20case_020/final_last_20case_v4/unitree_z1_dual_arm_stackbox_v2/case1/output/inference/5_full_fs4.mp4", "returncode": 0, "worker_seconds_including_imports": 445.7384227067232, "sampling_rng": {"reset": true, "cpu_rng_sha256": "b04f168bb97ae5f0758f525c6b0e928d866ad2619a254710db893e71bd54e1e5", "cuda_rng_sha256": "7ce51663c5b98c7e383cb7ca11e5171bf9d32dcad0fa33f8c831a5ddb1abdf3e"}, "video_sha256": "7c5ce8ddb5adec1342ffd504ab9eb70cc724a9f552288af93bb30df6ea01f5b8"}
